// Jest Snapshot v1, https://goo.gl/fbAQLP

exports[`ArtistCard.vue is a Vue instance 1`] = `
<v-card-stub loaderheight="4" to="[object Object]" tag="div" maxwidth="450" dark="true" class="mx-auto mt-5">
  <v-img-stub height="250px" options="[object Object]" position="center center" src="http://localhost:8000/fanart/MOCK_MBID" transition="fade-transition" class="white--text align-end">
    <v-card-title-stub color="deep-orange lighten-1">MOCK_NAME</v-card-title-stub>
  </v-img-stub>
  <v-card-text-stub class="text--primary">
    <v-layout-stub tag="div" row="" wrap="" class="text-left">
      <v-flex-stub tag="div" class="align-self-center ml-5">
        <div class="top-bands-attended">
          Attended <b>0</b> times
        </div>
      </v-flex-stub>
    </v-layout-stub>
  </v-card-text-stub>
</v-card-stub>
`;
